// Jest Snapshot v1, https://goo.gl/fbAQLP

exports[`Button match snapshot 1`] = `
<DocumentFragment>
  <button
    type="button"
  >
    Snapshot
  </button>
</DocumentFragment>
`;
